src/components/layout/AppLayout.tsx(19,5): error TS6133: 'RefreshCw' is declared but its value is never read.
